2026-04-07 23:29:41 -07:00: ▲ Next.js 16.2.2
2026-04-07 23:29:41 -07:00: - Local:         http://localhost:4001
2026-04-07 23:29:41 -07:00: - Network:       http://0.0.0.0:4001
2026-04-07 23:29:41 -07:00: ✓ Ready in 0ms
2026-04-07 23:31:55 -07:00: ▲ Next.js 16.2.2
2026-04-07 23:31:55 -07:00: - Local:         http://localhost:4001
2026-04-07 23:31:55 -07:00: - Network:       http://0.0.0.0:4001
2026-04-07 23:31:55 -07:00: ✓ Ready in 0ms
2026-04-07 23:40:01 -07:00: ▲ Next.js 16.2.2
2026-04-07 23:40:01 -07:00: - Local:         http://localhost:4001
2026-04-07 23:40:01 -07:00: - Network:       http://0.0.0.0:4001
2026-04-07 23:40:01 -07:00: ✓ Ready in 0ms
2026-04-08 00:56:28 -07:00: ▲ Next.js 16.2.2
2026-04-08 00:56:28 -07:00: - Local:         http://localhost:4001
2026-04-08 00:56:28 -07:00: - Network:       http://0.0.0.0:4001
2026-04-08 00:56:28 -07:00: ✓ Ready in 0ms
2026-04-08 01:22:31 -07:00: ▲ Next.js 16.2.2
2026-04-08 01:22:31 -07:00: - Local:         http://localhost:4001
2026-04-08 01:22:31 -07:00: - Network:       http://0.0.0.0:4001
2026-04-08 01:22:31 -07:00: ✓ Ready in 0ms
2026-04-08 02:14:16 -07:00: ▲ Next.js 16.2.2
2026-04-08 02:14:16 -07:00: - Local:         http://localhost:4001
2026-04-08 02:14:16 -07:00: - Network:       http://0.0.0.0:4001
2026-04-08 02:14:16 -07:00: ✓ Ready in 0ms
2026-04-08 02:49:02 -07:00: Activity Request Body: {
2026-04-08 02:49:02 -07:00:   "activityDate": "2026-04-01",
2026-04-08 02:49:02 -07:00:   "userId": "69d6239355cf08d7ca82b6b2",
2026-04-08 02:49:02 -07:00:   "coldCallsMade": 433,
2026-04-08 02:49:02 -07:00:   "followUpCallsMade": 33,
2026-04-08 02:49:02 -07:00:   "newAppointmentsFixed": 33,
2026-04-08 02:49:02 -07:00:   "customerVisitsCompleted": 333,
2026-04-08 02:49:02 -07:00:   "salesEmailsSent": 333,
2026-04-08 02:49:02 -07:00:   "primaryProductFocus": "MFP / Printer",
2026-04-08 02:49:02 -07:00:   "secondaryProductFocus": [
2026-04-08 02:49:02 -07:00:     "MFP / Printer",
2026-04-08 02:49:02 -07:00:     "MDS",
2026-04-08 02:49:02 -07:00:     "Barcode / POS"
2026-04-08 02:49:02 -07:00:   ],
2026-04-08 02:49:02 -07:00:   "visits": [
2026-04-08 02:49:02 -07:00:     {
2026-04-08 02:49:02 -07:00:       "customerName": "f5h6",
2026-04-08 02:49:02 -07:00:       "primaryPurpose": "Opportunity Advancement",
2026-04-08 02:49:02 -07:00:       "productsDiscussed": [
2026-04-08 02:49:02 -07:00:         "MFP / Printer",
2026-04-08 02:49:02 -07:00:         "MDS"
2026-04-08 02:49:02 -07:00:       ],
2026-04-08 02:49:02 -07:00:       "outcome": "Neutral – Follow up required",
2026-04-08 02:49:02 -07:00:       "nextActionRequired": "fefe",
2026-04-08 02:49:02 -07:00:       "nextActionDate": "2026-04-08"
2026-04-08 02:49:02 -07:00:     }
2026-04-08 02:49:02 -07:00:   ],
2026-04-08 02:49:02 -07:00:   "quotationsIssuedToday": 4567890,
2026-04-08 02:49:02 -07:00:   "ordersClosedToday": 34567,
2026-04-08 02:49:02 -07:00:   "tomorrowPlan": "wert"
2026-04-08 02:49:02 -07:00: }
